[vanshbatraportfolio.framer.website/index.html]
[backblue.gif]
[fade.gif]
[index.html]
[framerusercontent.com/images/9n7bAie4Uoe0dZmpSXZ0x9vgAs.png]
[framerusercontent.com/images/cSpdoZpPppW25mNKnqhFmqiU17f5.jpg]
[vanshbatraportfolio.framer.website/contact.html]
[vanshbatraportfolio.framer.website/about.html]
[vanshbatraportfolio.framer.website/projects/brightsites-website-made-in-framer.html]
[framerusercontent.com/images/iWCeyQvjujSmmX1lhZBHJSYtwQ.jpg]
[vanshbatraportfolio.framer.website/projects/designcube-framer-website.html]
[framerusercontent.com/images/nTLDTFWoqQrknvMb6QbPricBdCE.jpg]
[vanshbatraportfolio.framer.website/projects.html]
[framerusercontent.com/images/LnFSX36rWI791WRsNo9nlf7fI2obf23.png]
[framerusercontent.com/images/KEvMoRtcwa4T4oQ6mtFTgqgI.png]
[framerusercontent.com/images/yXi7TWUP3WvmzoWivgtqulvQk.png]
[vanshbatraportfolio.framer.website/index.html]
[vanshbatraportfolio.framer.website/contact.html]
[vanshbatraportfolio.framer.website/about.html]
[vanshbatraportfolio.framer.website/stack.html]
[vanshbatraportfolio.framer.website/projects/healthwell-website-in-framer.html]
[framerusercontent.com/images/Q3T3wr8TpKqc2wtr9WduBvQYltM.jpg]
[vanshbatraportfolio.framer.website/projects/brightsites-website-made-in-framer.html]
[vanshbatraportfolio.framer.website/projects/designcube-framer-website.html]
[vanshbatraportfolio.framer.website/projects/thelist-framer-website.html]
[framerusercontent.com/images/BPGSEG2ky6fBlKecHFql25QKfpE.jpg]
[vanshbatraportfolio.framer.website/projects/reify-website-in-framer.html]
[framerusercontent.com/images/JAVrzTA69HP86G0ZrFW2COuM.jpg]
[vanshbatraportfolio.framer.website/projects/learny-membership-platform.html]
[framerusercontent.com/images/VkMOojKDBju8XqiHo6oog11nKQ.png]
[vanshbatraportfolio.framer.website/projects/zenzap-saas-template.html]
[framerusercontent.com/images/X5SY4TuLXVufXr5PD7HoZ6avGXQ.png]
[vanshbatraportfolio.framer.website/projects.html]
[framerusercontent.com/images/SHhQs187sTJNSJM6LkkdQOl6dmc.png]
[framerusercontent.com/images/9fxU9abU4g2yfNnQyuTGsZyXs44.png]
[framerusercontent.com/images/LfPDlmN6QeJXsGTPOIxgd5Tbj8.jpg]
[framerusercontent.com/images/K4Aj4AipfSxui7wwn9WmINnJ0.png]
[vanshbatraportfolio.framer.website/stack.html]
[vanshbatraportfolio.framer.website/projects/healthwell-website-in-framer.html]
[vanshbatraportfolio.framer.website/projects/thelist-framer-website.html]
[vanshbatraportfolio.framer.website/projects/reify-website-in-framer.html]
[framerusercontent.com/images/agp7RAt3hNvOFFAymaiRfbfXr6M.png]
[framerusercontent.com/images/mpzXFN4NqkcV07txIboZy0BsE.png]
[framerusercontent.com/images/jByyws5XQXn4i9HVJaIbuS26f4.png]
[framerusercontent.com/images/SLXZ785RSg0ncjlCJDWiPCTTpas.png]
[framerusercontent.com/images/TMHQby7DLUfqaxEWkhmrZaPG0.png]
[framerusercontent.com/images/qmAyADj4uw5r44PDN4V6qHwYuho.jpg]
[framerusercontent.com/images/HAj2qLGFII6qySFocabOONa17A.png]
[framerusercontent.com/images/DIjGiIOSQbMNDs1oGwBaro318.png]
[framerusercontent.com/images/HbUzr29KaYsVx5EfC1xZFm5gQRE.png]
[framerusercontent.com/images/WcMHGcuE6IqPy6BijWHtjxQ.png]
[vanshbatraportfolio.framer.website/projects/learny-membership-platform.html]
[framerusercontent.com/images/QrJIABm6GjPkdMTrv8vs0G2U.png]
[framerusercontent.com/images/dnSR2NXNMq8uSibAponGgIxoUbc.png]
[framerusercontent.com/images/3hRHVNBCzoUqlfvrM9PH7pMwJXM.png]
[framerusercontent.com/images/EvXi8v6Bm1cUoVy2FHzIzfSLQ.png]
[framerusercontent.com/images/dUlU73Fs1mdSMPUAwsEaSuj5s.png]
[framerusercontent.com/images/aZmMHq2NEcQoFqJ0Zzk3qMki0.png]
[framerusercontent.com/images/TMyimSECqk6Vfgh0GRfX3XX6ixE.png]
[framerusercontent.com/images/51G4AER53fZpohneZn9rsTKno.png]
[vanshbatraportfolio.framer.website/projects/zenzap-saas-template.html]
